||||||||||||||||||||||||||||||||||||
....................................
....................................
....................................
........................O...........
......................O.O...........
............OO......OO............OO
...........O...O....OO............OO
OO........O.....O...OO..............
OO........O...O.OO....O.O...........
..........O.....O.......O...........
...........O...O....................
............OO......................
....................................
....................................
....................................
||||||||||||||||||||||||||||||||||||
||||||||||||||||||||||||||||||||||||
....................................
....................................
....................................
.......................O............
.....................O.O............
............O.......O.O...........OO
...........OO......O..O...........OO
OO........OO....OO..O.O.............
OO.......OOO....OO...O.O............
..........OO....OO.....O............
...........OO.......................
............O.......................
....................................
....................................
....................................
||||||||||||||||||||||||||||||||||||
||||||||||||||||||||||||||||||||||||
....................................
....................................
....................................
......................O.............
.....................O.O............
...........OO.......O.OO..........OO
..........O.O......OO.OO..........OO
OO.......O......OOO.O.OO............
OO.......O..O..O..O..O.O............
.........O......OO....O.............
..........O.O.......................
...........OO.......................
....................................
....................................
....................................
||||||||||||||||||||||||||||||||||||
||||||||||||||||||||||||||||||||||||
....................................
....................................
....................................
......................O.............
.....................O.O............
...........OO......OO...O.........OO
..........O.O....OO.O...O.........OO
OO.......OOO....OOO.O...O...........
OO......OOO....O..OO.O.O............
.........OOO....OO....O.............
..........O.O.......................
...........OO.......................
....................................
....................................
....................................
||||||||||||||||||||||||||||||||||||
||||||||||||||||||||||||||||||||||||
....................................
....................................
....................................
......................O.............
....................OOOO............
...........OO.....OOOO.OO.........OO
.........O..O...O...OO.OOO........OO
OO......O.......O...OO.OO...........
OO......O......O...OOOOO............
........O.......OOO...O.............
.........O..O.......................
...........OO.......................
....................................
....................................
....................................
||||||||||||||||||||||||||||||||||||
||||||||||||||||||||||||||||||||||||
....................................
....................................
....................................
......................OO............
........................O...........
...........OO............O........OO
...........OO....O.......O........OO
OO......OO.....OO........O..........
OO.....OOO.....O..OO....O...........
........OO......OOOOO.OO............
...........OO....O..................
...........OO.......................
....................................
....................................
....................................
||||||||||||||||||||||||||||||||||||
||||||||||||||||||||||||||||||||||||
....................................
....................................
....................................
.......................O............
.......................OO...........
...........OO...........OO........OO
..........OOO...O.......OOO.......OO
OO.....O.OO....OOOO.....OO..........
OO.....O..O....O....O..OO...........
.......O.OO.....O...O..O............
..........OOO...OO.O................
...........OO.......................
....................................
....................................
....................................
||||||||||||||||||||||||||||||||||||
||||||||||||||||||||||||||||||||||||
....................................
....................................
....................................
.......................OO...........
.......................O.O..........
..........O.O.............O.......OO
.........O..O..OO......O..O.......OO
OO......OO.....O.O........O.........
OO....OO...O...O...O...O.O..........
........OO.....OOO.OO..OO...........
.........O..O...OO..................
..........O.O.......................
....................................
....................................
....................................
||||||||||||||||||||||||||||||||||||
||||||||||||||||||||||||||||||||||||
....................................
....................................
....................................
.......................OO...........
.......................O.O..........
...........O............OOO.......OO
........OOOO...OO........OOO......OO
OO.....OOOO...OO........OOO.........
OO.....O..O...OO.O.OO..O.O..........
.......OOOO....O.O.OO..OO...........
........OOOO...O.OO.................
...........O........................
....................................
....................................
....................................
||||||||||||||||||||||||||||||||||||
||||||||||||||||||||||||||||||||||||
....................................
....................................
....................................
.......................OO...........
.......................O..O.........
.........O.O...............O......OO
.......O...O..OOO..........O......OO
OO.....O...................O........
OO....O....O.......OO..O..O.........
.......O.......O.O..O..OO...........
.......O...O.....OOO................
.........O.O........................
....................................
....................................
....................................
||||||||||||||||||||||||||||||||||||
||||||||||||||||||||||||||||||||||||
....................................
....................................
....................................
.......................OO...........
.......................OO...........
..........O....O..........OO......OO
........O.O....O..........OOO.....OO
OO....OO.......O..........OO........
OO....OO...........OO..OO...........
......OO........OO..O..OO...........
........O.O.....OOOO................
..........O.......O.................
....................................
....................................
....................................
||||||||||||||||||||||||||||||||||||
||||||||||||||||||||||||||||||||||||
....................................
....................................
....................................
.......................OO...........
.......................OOO..........
.........O...............OO.O.....OO
.......O.O....OOO........O..O.....OO
OO....O.O................OO.O.......
OO...O..O.......O..OO..OOO..........
......O.O.......O...O..OO...........
.......O.O......O..O................
.........O........OO................
....................................
....................................
....................................
||||||||||||||||||||||||||||||||||||
||||||||||||||||||||||||||||||||||||
....................................
....................................
....................................
.......................O.O..........
.......................O..O.........
........O......O..........OO......OO
.......O.O.....O........O...OO....OO
OO....O.OO......O.........OO........
OO...OO.OO.........OO..O..O.........
......O.OO.....OOO..O..O.O..........
.......O.O.......OOOO...............
........O.........OO................
....................................
....................................
....................................
||||||||||||||||||||||||||||||||||||
||||||||||||||||||||||||||||||||||||
....................................
....................................
....................................
........................O...........
........................OOOO........
........O................OOOO.....OO
.......O.O.....OO........O..O.....OO
OO...OO...O..............OOOO.......
OO...OO...O....O.O.OO...OOOO........
.....OO...O.....OO...O..O...........
.......O.O..........O...............
........O........O..O...............
....................................
....................................
....................................
||||||||||||||||||||||||||||||||||||
||||||||||||||||||||||||||||||||||||
....................................
....................................
....................................
........................O.O.........
........................O...O.......
........O...................O.....OO
......OOOO..............O....O....OO
OO...O.O.OO....O............O.......
OO..O..O.OOO.....OO.O...O...O.......
.....O.O.OO.....OOOO.O..O.O.........
......OOOO......OO..OO..............
........O...........................
....................................
....................................
....................................
||||||||||||||||||||||||||||||||||||
||||||||||||||||||||||||||||||||||||
....................................
....................................
....................................
.........................O..........
.........................O.O........
........OO..................OO....OO
......O...O.................OO....OO
OO...O.....O................OO......
OO..OO.O...O........O....O.O........
.....O.....O.........O...O..........
......O...O.....O..OOO..............
........OO..........................
....................................
....................................
....................................
||||||||||||||||||||||||||||||||||||
||||||||||||||||||||||||||||||||||||
....................................
....................................
....................................
..........................O.........
..........................O.O.......
.........O.................O.O....OO
.........OO................O..O...OO
OO..OO....OO...............O.O......
OO..OO....OOO.............O.O.......
....OO....OO.......O.O....O.........
.........OO.........OO..............
.........O..........O...............
....................................
....................................
....................................
||||||||||||||||||||||||||||||||||||
||||||||||||||||||||||||||||||||||||
....................................
....................................
....................................
...........................O........
..........................O.O.......
.........OO...............OO.O....OO
.........O.O..............OO.OO...OO
OO..OO......O.............OO.O......
OO.O..O..O..O.............O.O.......
....OO......O........O.....O........
.........O.O.......O.O..............
.........OO.........OO..............
....................................
....................................
....................................
||||||||||||||||||||||||||||||||||||
||||||||||||||||||||||||||||||||||||
....................................
....................................
....................................
...........................O........
..........................O.O.......
.........OO..............O...OO...OO
.........O.O.............O...OO...OO
OOO.OO....OOO............O...OO.....
OOOO..O....OOO............O.O.......
....OO....OOO.......O......O........
.........O.O.........OO.............
.........OO.........OO..............
....................................
....................................
....................................
||||||||||||||||||||||||||||||||||||
||||||||||||||||||||||||||||||||||||
....................................
....................................
....................................
...........................O........
..........................OOOO......
.........OO..............OO.O.O...OO
.O.......O..O...........OOO.O..O..OO
O...OO.......O...........OO.O.O.....
O.....O......O............OOOO......
.OOOOO.......O.......O.....O........
.........O..O.........O.............
.........OO.........OOO.............
....................................
....................................
....................................
||||||||||||||||||||||||||||||||||||
||||||||||||||||||||||||||||||||||||
....................................
....................................
....................................
..........................OO........
.........................O...O......
.........OO.............O.....O...OO
.........OO.............O...O.OO..OO
OO...O......OO..........O.....O.....
O.O...O.....OOO..........O...O......
.OOOOO......OO............OO........
..OOO....OO.........O.O.............
.........OO..........OO.............
.....................O..............
....................................
....................................
||||||||||||||||||||||||||||||||||||
||||||||||||||||||||||||||||||||||||
....................................
....................................
....................................
..........................O.........
.........................OO.........
.........OO.............OO....OO..OO
.........OOO...........OOO....OO..OO
OO.........OO.O.........OO....OO....
O.....O....O..O..........OO.........
.....O.....OO.O...........O.........
.O...O...OOO..........O.............
...O.....OO.........O.O.............
.....................OO.............
....................................
....................................
||||||||||||||||||||||||||||||||||||
||||||||||||||||||||||||||||||||||||
....................................
....................................
....................................
.........................OO.........
........................O.O.........
.........O.O...........O......OO..OO
.........O..O..........O..O..O..O.OO
OO..........OO.........O......OO....
OO........O...OO........O.O.........
.....OO.....OO...........OO.........
....O....O..O........O..............
.........O.O..........OO............
.....................OO.............
....................................
....................................
||||||||||||||||||||||||||||||||||||
||||||||||||||||||||||||||||||||||||
....................................
....................................
....................................
.........................OO.........
........................O.O.........
..........O............OOO....OO.OOO
..........OOOO........OOO....O..OOOO
OO.........OOOO........OOO....OO....
OO.........O..O.........O.O.........
.....O.....OOOO..........OO.........
.....O....OOOO........O.............
..........O............O............
.....................OOO............
....................................
....................................
||||||||||||||||||||||||||||||||||||
||||||||||||||||||||||||||||||||||||
....................................
....................................
....................................
.........................OO.........
.......................O..O.......O.
..........O.O.........O.......OO...O
..........O...O.......O......O.....O
OO............O.......O.......OOOOO.
OO........O....O.......O..O.........
..............O..........OO.........
..........O...O.....................
..........O.O........O.O............
......................OO............
......................O.............
....................................
||||||||||||||||||||||||||||||||||||
||||||||||||||||||||||||||||||||||||
....................................
....................................
....................................
.........................OO.........
.........................OO.........
...........O..........OO......O...OO
...........O.O.......OOO.....O...O.O
OO............OO......OO......OOOOO.
OO............OO.........OO....OOO..
..............OO.........OO.........
...........O.O......................
...........O...........O............
.....................O.O............
......................OO............
....................................
||||||||||||||||||||||||||||||||||||
||||||||||||||||||||||||||||||||||||
....................................
....................................
....................................
.........................OO.........
........................OOO.........
............O........O.OO.........OO
............O.O......O..O....O.....O
OO...........O.O.....O.OO.....O.....
OO...........O..O.......OOO...O...O.
.............O.O.........OO.....O...
............O.O.....................
............O.........O.............
.......................OO...........
......................OO............
....................................
||||||||||||||||||||||||||||||||||||
