|||||||||||||||||
.................
....OOO...OOO....
.................
.O....O.O....O...
.O....O.O....O...
.O....O.O....O...
....OOO...OOO....
.................
....OOO...OOO....
.O....O.O....O...
.O....O.O....O...
.O....O.O....O...
.................
....OOO...OOO....
.................
|||||||||||||||||
|||||||||||||||||
.....O.....O.....
.....O.....O.....
......OO...OO....
.................
OOO..OO.OO..OOO..
......O..O.O.O...
.....OOO...OO....
.................
.....OOO...OO....
......O..O.O.O...
OOO..OO.OO..OOO..
.................
......OO...OO....
.....O.....O.....
.....O.....O.....
|||||||||||||||||
|||||||||||||||||
.................
.....O....OO.....
......O....OO....
.O...O..O..O.....
.O...OOOOOO.OOO..
.O.......O.O..O..
.....OOO..OOO....
.................
.....OOO..OOO....
.O.......O.O..O..
.O...OOOOOO.OOO..
.O...O..O..O.....
......O....OO....
.....O....OO.....
.................
|||||||||||||||||
|||||||||||||||||
.................
..........OOO....
.....OO.....O....
.....O..O........
OOO..OOO....OOO..
..............O..
......O...OOO....
.................
......O...OOO....
..............O..
OOO..OOO....OOO..
.....O..O........
.....OO.....O....
..........OOO....
.................
|||||||||||||||||
