|||||||||
.........
....OO...
...OO....
....O....
.........
.........
.........
.........
.........
|||||||||
|||||||||
....O....
..OO.OO..
..O..O...
...OO....
.........
.........
.........
.........
.........
|||||||||
|||||||||
.OO......
O..O.....
.OO......
..OOO....
....O....
....O....
.........
.........
.........
|||||||||
|||||||||
.OOO.....
O........
O...O....
..O..O...
.O....O..
...OOO...
.........
.........
.........
|||||||||
|||||||||
.OOO.....
...O.....
.O.O.....
....OO...
.OOOOO...
..OO..O..
.........
.........
.........
|||||||||
